05:24:31 | churn-api   Deployment/churn-api   cpu: 43%/70%   1     3     1     5m46s | PODS: churn-api-5b5ffb89c8-4hm7x   1/1   Running   0     6m58s;
05:24:47 | churn-api   Deployment/churn-api   cpu: 43%/70%   1     3     1     6m2s | PODS: churn-api-5b5ffb89c8-4hm7x   1/1   Running   0     7m15s;
05:25:03 | churn-api   Deployment/churn-api   cpu: 75%/70%   1     3     1     6m18s | PODS: churn-api-5b5ffb89c8-4hm7x   1/1   Running   0     7m30s;
05:25:18 | churn-api   Deployment/churn-api   cpu: 75%/70%   1     3     1     6m34s | PODS: churn-api-5b5ffb89c8-4hm7x   1/1   Running   0     7m46s;
05:25:34 | churn-api   Deployment/churn-api   cpu: 75%/70%   1     3     1     6m50s | PODS: churn-api-5b5ffb89c8-4hm7x   1/1   Running   0     8m2s;
05:25:50 | churn-api   Deployment/churn-api   cpu: 254%/70%   1     3     1     7m5s | PODS: churn-api-5b5ffb89c8-4hm7x   1/1   Running             0     8m18s;churn-api-5b5ffb89c8-rvd58   0/1   ContainerCreating   0     3s;churn-api-5b5ffb89c8-thvdt   0/1   ContainerCreating   0     3s;
05:26:06 | churn-api   Deployment/churn-api   cpu: 254%/70%   1     3     1     7m21s | PODS: churn-api-5b5ffb89c8-4hm7x   1/1   Running   0     8m34s;churn-api-5b5ffb89c8-rvd58   0/1   Running   0     19s;churn-api-5b5ffb89c8-thvdt   0/1   Running   0     19s;
05:26:22 | churn-api   Deployment/churn-api   cpu: 254%/70%   1     3     1     7m37s | PODS: churn-api-5b5ffb89c8-4hm7x   1/1   Running   0     8m50s;churn-api-5b5ffb89c8-rvd58   0/1   Running   0     35s;churn-api-5b5ffb89c8-thvdt   0/1   Running   0     35s;
05:26:38 | churn-api   Deployment/churn-api   cpu: 254%/70%   1     3     1     7m56s | PODS: churn-api-5b5ffb89c8-4hm7x   1/1   Running   0     9m12s;churn-api-5b5ffb89c8-rvd58   0/1   Running   0     57s;churn-api-5b5ffb89c8-thvdt   0/1   Running   0     57s;
05:27:01 | churn-api   Deployment/churn-api   cpu: 287%/70%   1     3     3     8m17s | PODS: churn-api-5b5ffb89c8-4hm7x   1/1   Running   0     9m30s;churn-api-5b5ffb89c8-rvd58   0/1   Running   0     75s;churn-api-5b5ffb89c8-thvdt   0/1   Running   0     75s;
05:27:19 | churn-api   Deployment/churn-api   cpu: 287%/70%   1     3     3     8m36s | PODS: churn-api-5b5ffb89c8-4hm7x   1/1   Running   0     9m49s;churn-api-5b5ffb89c8-rvd58   0/1   Running   0     94s;churn-api-5b5ffb89c8-thvdt   0/1   Running   0     94s;
05:27:37 | churn-api   Deployment/churn-api   cpu: 287%/70%   1     3     3     8m54s | PODS: churn-api-5b5ffb89c8-4hm7x   1/1   Running   0     10m;churn-api-5b5ffb89c8-rvd58   0/1   Running   0     116s;churn-api-5b5ffb89c8-thvdt   0/1   Running   0     116s;
05:28:00 | churn-api   Deployment/churn-api   cpu: 287%/70%   1     3     3     9m16s | PODS: churn-api-5b5ffb89c8-4hm7x   0/1   Running   0     10m;churn-api-5b5ffb89c8-rvd58   0/1   Running   0     2m14s;churn-api-5b5ffb89c8-thvdt   0/1   Running   0     2m14s;
05:28:18 | churn-api   Deployment/churn-api   cpu: 296%/70%   1     3     3     9m34s | PODS: churn-api-5b5ffb89c8-4hm7x   0/1   Running   0     10m;churn-api-5b5ffb89c8-rvd58   0/1   Running   0     2m32s;churn-api-5b5ffb89c8-thvdt   0/1   Running   0     2m32s;
05:28:35 | churn-api   Deployment/churn-api   cpu: 296%/70%   1     3     3     9m51s | PODS: churn-api-5b5ffb89c8-4hm7x   0/1   Running   1 (42s ago)   11m;churn-api-5b5ffb89c8-rvd58   0/1   Running   0             2m49s;churn-api-5b5ffb89c8-thvdt   0/1   Running   0             2m49s;
05:28:53 | churn-api   Deployment/churn-api   cpu: 296%/70%   1     3     3     10m | PODS: churn-api-5b5ffb89c8-4hm7x   0/1   Running   1 (76s ago)   11m;churn-api-5b5ffb89c8-rvd58   0/1   Running   0             3m23s;churn-api-5b5ffb89c8-thvdt   0/1   Running   0             3m23s;
05:29:28 | churn-api   Deployment/churn-api   cpu: 170%/70%   1     3     3     10m | PODS: churn-api-5b5ffb89c8-4hm7x   0/1   Running   1 (98s ago)   12m;churn-api-5b5ffb89c8-rvd58   0/1   Running   0             3m45s;churn-api-5b5ffb89c8-thvdt   0/1   Running   0             3m45s;
05:29:49 | churn-api   Deployment/churn-api   cpu: 170%/70%   1     3     3     11m | PODS: churn-api-5b5ffb89c8-4hm7x   0/1   Running   1 (117s ago)   12m;churn-api-5b5ffb89c8-rvd58   0/1   Running   0              4m4s;churn-api-5b5ffb89c8-thvdt   0/1   Running   0              4m4s;
05:30:08 | churn-api   Deployment/churn-api   cpu: 170%/70%   1     3     3     11m | PODS: churn-api-5b5ffb89c8-4hm7x   0/1   Running   1 (2m17s ago)   12m;churn-api-5b5ffb89c8-rvd58   0/1   Running   0               4m24s;churn-api-5b5ffb89c8-thvdt   0/1   Running   0               4m24s;
05:30:28 | churn-api   Deployment/churn-api   cpu: 170%/70%   1     3     3     11m | PODS: churn-api-5b5ffb89c8-4hm7x   0/1   Running   1 (2m34s ago)   12m;churn-api-5b5ffb89c8-rvd58   1/1   Running   0               4m41s;churn-api-5b5ffb89c8-thvdt   1/1   Running   0               4m41s;
05:30:45 | churn-api   Deployment/churn-api   cpu: 384%/70%   1     3     3     12m | PODS: churn-api-5b5ffb89c8-4hm7x   0/1   Running   1 (2m52s ago)   13m;churn-api-5b5ffb89c8-rvd58   1/1   Running   0               4m59s;churn-api-5b5ffb89c8-thvdt   1/1   Running   0               4m59s;
05:31:04 | churn-api   Deployment/churn-api   cpu: 384%/70%   1     3     3     12m | PODS: churn-api-5b5ffb89c8-4hm7x   0/1   Running   1 (3m11s ago)   13m;churn-api-5b5ffb89c8-rvd58   1/1   Running   0               5m18s;churn-api-5b5ffb89c8-thvdt   1/1   Running   0               5m18s;
05:31:22 | churn-api   Deployment/churn-api   cpu: 384%/70%   1     3     3     12m | PODS: churn-api-5b5ffb89c8-4hm7x   0/1   Running   1 (3m28s ago)   13m;churn-api-5b5ffb89c8-rvd58   1/1   Running   0               5m35s;churn-api-5b5ffb89c8-thvdt   1/1   Running   0               5m35s;
05:31:39 | churn-api   Deployment/churn-api   cpu: 242%/70%   1     3     3     12m | PODS: churn-api-5b5ffb89c8-4hm7x   0/1   Running   1 (3m48s ago)   14m;churn-api-5b5ffb89c8-rvd58   1/1   Running   0               5m55s;churn-api-5b5ffb89c8-thvdt   1/1   Running   0               5m55s;
05:31:59 | churn-api   Deployment/churn-api   cpu: 242%/70%   1     3     3     13m | PODS: churn-api-5b5ffb89c8-4hm7x   1/1   Running   1 (4m7s ago)   14m;churn-api-5b5ffb89c8-rvd58   1/1   Running   0              6m14s;churn-api-5b5ffb89c8-thvdt   1/1   Running   0              6m14s;
05:32:17 | churn-api   Deployment/churn-api   cpu: 242%/70%   1     3     3     13m | PODS: churn-api-5b5ffb89c8-4hm7x   1/1   Running   1 (4m25s ago)   14m;churn-api-5b5ffb89c8-rvd58   1/1   Running   0               6m32s;churn-api-5b5ffb89c8-thvdt   1/1   Running   0               6m32s;
05:32:35 | churn-api   Deployment/churn-api   cpu: 87%/70%   1     3     3     13m | PODS: churn-api-5b5ffb89c8-4hm7x   1/1   Running   1 (4m41s ago)   15m;churn-api-5b5ffb89c8-rvd58   1/1   Running   0               6m48s;churn-api-5b5ffb89c8-thvdt   1/1   Running   0               6m48s;
05:32:51 | churn-api   Deployment/churn-api   cpu: 87%/70%   1     3     3     14m | PODS: churn-api-5b5ffb89c8-4hm7x   1/1   Running   1 (4m58s ago)   15m;churn-api-5b5ffb89c8-rvd58   1/1   Running   0               7m5s;churn-api-5b5ffb89c8-thvdt   1/1   Running   0               7m5s;
05:33:08 | churn-api   Deployment/churn-api   cpu: 87%/70%   1     3     3     14m | PODS: churn-api-5b5ffb89c8-4hm7x   1/1   Running   1 (5m14s ago)   15m;churn-api-5b5ffb89c8-rvd58   1/1   Running   0               7m21s;churn-api-5b5ffb89c8-thvdt   1/1   Running   0               7m21s;
05:33:23 | churn-api   Deployment/churn-api   cpu: 87%/70%   1     3     3     14m | PODS: churn-api-5b5ffb89c8-4hm7x   1/1   Running   1 (5m30s ago)   15m;churn-api-5b5ffb89c8-rvd58   1/1   Running   0               7m37s;churn-api-5b5ffb89c8-thvdt   1/1   Running   0               7m37s;
05:33:40 | churn-api   Deployment/churn-api   cpu: 12%/70%   1     3     3     14m | PODS: churn-api-5b5ffb89c8-4hm7x   1/1   Running   1 (5m47s ago)   16m;churn-api-5b5ffb89c8-rvd58   1/1   Running   0               7m54s;churn-api-5b5ffb89c8-thvdt   1/1   Running   0               7m54s;
05:33:58 | churn-api   Deployment/churn-api   cpu: 12%/70%   1     3     3     15m | PODS: churn-api-5b5ffb89c8-4hm7x   1/1   Running   1 (6m3s ago)   16m;churn-api-5b5ffb89c8-rvd58   1/1   Running   0              8m10s;churn-api-5b5ffb89c8-thvdt   1/1   Running   0              8m10s;
05:34:14 | churn-api   Deployment/churn-api   cpu: 12%/70%   1     3     3     15m | PODS: churn-api-5b5ffb89c8-4hm7x   1/1   Running   1 (6m20s ago)   16m;churn-api-5b5ffb89c8-rvd58   1/1   Running   0               8m27s;churn-api-5b5ffb89c8-thvdt   1/1   Running   0               8m27s;
05:34:30 | churn-api   Deployment/churn-api   cpu: 12%/70%   1     3     3     15m | PODS: churn-api-5b5ffb89c8-4hm7x   1/1   Running   1 (6m35s ago)   16m;churn-api-5b5ffb89c8-rvd58   1/1   Running   0               8m42s;churn-api-5b5ffb89c8-thvdt   1/1   Running   0               8m42s;
05:34:45 | churn-api   Deployment/churn-api   cpu: 26%/70%   1     3     3     16m | PODS: churn-api-5b5ffb89c8-4hm7x   1/1   Running   1 (6m51s ago)   17m;churn-api-5b5ffb89c8-rvd58   1/1   Running   0               8m58s;churn-api-5b5ffb89c8-thvdt   1/1   Running   0               8m58s;
05:35:01 | churn-api   Deployment/churn-api   cpu: 26%/70%   1     3     3     16m | PODS: churn-api-5b5ffb89c8-4hm7x   1/1   Running   1 (7m9s ago)   17m;churn-api-5b5ffb89c8-rvd58   1/1   Running   0              9m16s;churn-api-5b5ffb89c8-thvdt   1/1   Running   0              9m16s;
05:35:20 | churn-api   Deployment/churn-api   cpu: 26%/70%   1     3     3     16m | PODS: churn-api-5b5ffb89c8-4hm7x   1/1   Running   1 (7m25s ago)   17m;churn-api-5b5ffb89c8-rvd58   1/1   Running   0               9m32s;churn-api-5b5ffb89c8-thvdt   1/1   Running   0               9m32s;
05:35:36 | churn-api   Deployment/churn-api   cpu: 26%/70%   1     3     3     16m | PODS: churn-api-5b5ffb89c8-4hm7x   1/1   Running   1 (7m43s ago)   18m;churn-api-5b5ffb89c8-rvd58   1/1   Running   0               9m50s;churn-api-5b5ffb89c8-thvdt   1/1   Running   0               9m50s;
05:35:53 | churn-api   Deployment/churn-api   cpu: 10%/70%   1     3     3     17m | PODS: churn-api-5b5ffb89c8-4hm7x   1/1   Running   1 (7m58s ago)   18m;churn-api-5b5ffb89c8-rvd58   1/1   Running   0               10m;churn-api-5b5ffb89c8-thvdt   1/1   Running   0               10m;
05:36:08 | churn-api   Deployment/churn-api   cpu: 10%/70%   1     3     3     17m | PODS: churn-api-5b5ffb89c8-4hm7x   1/1   Running   1 (8m14s ago)   18m;churn-api-5b5ffb89c8-rvd58   1/1   Running   0               10m;churn-api-5b5ffb89c8-thvdt   1/1   Running   0               10m;
05:36:24 | churn-api   Deployment/churn-api   cpu: 10%/70%   1     3     3     17m | PODS: churn-api-5b5ffb89c8-4hm7x   1/1   Running   1 (8m31s ago)   18m;churn-api-5b5ffb89c8-rvd58   1/1   Running   0               10m;churn-api-5b5ffb89c8-thvdt   1/1   Running   0               10m;
05:36:41 | churn-api   Deployment/churn-api   cpu: 10%/70%   1     3     3     17m | PODS: churn-api-5b5ffb89c8-4hm7x   1/1   Running   1 (8m48s ago)   19m;churn-api-5b5ffb89c8-rvd58   1/1   Running   0               10m;churn-api-5b5ffb89c8-thvdt   1/1   Running   0               10m;
05:36:58 | churn-api   Deployment/churn-api   cpu: 29%/70%   1     3     3     18m | PODS: churn-api-5b5ffb89c8-4hm7x   1/1   Running   1 (9m5s ago)   19m;churn-api-5b5ffb89c8-rvd58   1/1   Running   0              11m;churn-api-5b5ffb89c8-thvdt   1/1   Running   0              11m;
05:37:16 | churn-api   Deployment/churn-api   cpu: 29%/70%   1     3     3     18m | PODS: churn-api-5b5ffb89c8-4hm7x   1/1   Running   1 (9m23s ago)   19m;churn-api-5b5ffb89c8-rvd58   1/1   Running   0               11m;churn-api-5b5ffb89c8-thvdt   1/1   Running   0               11m;
05:37:33 | churn-api   Deployment/churn-api   cpu: 29%/70%   1     3     3     18m | PODS: churn-api-5b5ffb89c8-4hm7x   1/1   Running   1 (9m40s ago)   20m;churn-api-5b5ffb89c8-rvd58   1/1   Running   0               11m;churn-api-5b5ffb89c8-thvdt   1/1   Running   0               11m;
05:37:51 | churn-api   Deployment/churn-api   cpu: 29%/70%   1     3     3     19m | PODS: churn-api-5b5ffb89c8-4hm7x   1/1   Terminating   1 (9m56s ago)   20m;churn-api-5b5ffb89c8-rvd58   1/1   Running       0               12m;churn-api-5b5ffb89c8-thvdt   1/1   Running       0               12m;
05:38:06 | churn-api   Deployment/churn-api   cpu: 29%/70%   1     3     3     19m | PODS: churn-api-5b5ffb89c8-4hm7x   0/1   Terminating   1 (10m ago)   20m;churn-api-5b5ffb89c8-rvd58   1/1   Running       0             12m;churn-api-5b5ffb89c8-thvdt   1/1   Running       0             12m;
05:38:24 | churn-api   Deployment/churn-api   cpu: 29%/70%   1     3     3     19m | PODS: churn-api-5b5ffb89c8-rvd58   1/1   Running   0     12m;churn-api-5b5ffb89c8-thvdt   1/1   Running   0     12m;
05:38:40 | churn-api   Deployment/churn-api   cpu: 29%/70%   1     3     2     19m | PODS: churn-api-5b5ffb89c8-rvd58   1/1   Running   0     12m;churn-api-5b5ffb89c8-thvdt   1/1   Running   0     12m;
05:38:56 | churn-api   Deployment/churn-api   cpu: 29%/70%   1     3     2     20m | PODS: churn-api-5b5ffb89c8-rvd58   1/1   Running   0     13m;churn-api-5b5ffb89c8-thvdt   1/1   Running   0     13m;
05:39:11 | churn-api   Deployment/churn-api   cpu: 29%/70%   1     3     2     20m | PODS: churn-api-5b5ffb89c8-rvd58   1/1   Running   0     13m;churn-api-5b5ffb89c8-thvdt   1/1   Running   0     13m;
05:39:27 | churn-api   Deployment/churn-api   cpu: 29%/70%   1     3     2     20m | PODS: churn-api-5b5ffb89c8-rvd58   1/1   Running   0     13m;churn-api-5b5ffb89c8-thvdt   1/1   Running   0     13m;
05:39:43 | churn-api   Deployment/churn-api   cpu: 62%/70%   1     3     2     20m | PODS: churn-api-5b5ffb89c8-rvd58   1/1   Running   0     13m;churn-api-5b5ffb89c8-thvdt   1/1   Running   0     13m;
05:39:58 | churn-api   Deployment/churn-api   cpu: 62%/70%   1     3     2     21m | PODS: churn-api-5b5ffb89c8-rvd58   1/1   Running   0     14m;churn-api-5b5ffb89c8-thvdt   1/1   Running   0     14m;
05:40:14 | churn-api   Deployment/churn-api   cpu: 62%/70%   1     3     2     21m | PODS: churn-api-5b5ffb89c8-rvd58   1/1   Running   0     14m;churn-api-5b5ffb89c8-thvdt   1/1   Running   0     14m;
05:40:30 | churn-api   Deployment/churn-api   cpu: 62%/70%   1     3     2     21m | PODS: churn-api-5b5ffb89c8-rvd58   1/1   Running   0     14m;churn-api-5b5ffb89c8-thvdt   1/1   Running   0     14m;
05:40:46 | churn-api   Deployment/churn-api   cpu: 5%/70%   1     3     2     22m | PODS: churn-api-5b5ffb89c8-rvd58   1/1   Running   0     14m;churn-api-5b5ffb89c8-thvdt   1/1   Running   0     14m;
05:41:02 | churn-api   Deployment/churn-api   cpu: 5%/70%   1     3     2     22m | PODS: churn-api-5b5ffb89c8-rvd58   1/1   Running   0     15m;churn-api-5b5ffb89c8-thvdt   1/1   Running   0     15m;
05:41:17 | churn-api   Deployment/churn-api   cpu: 5%/70%   1     3     2     22m | PODS: churn-api-5b5ffb89c8-rvd58   1/1   Running   0     15m;churn-api-5b5ffb89c8-thvdt   1/1   Running   0     15m;
05:41:33 | churn-api   Deployment/churn-api   cpu: 5%/70%   1     3     2     22m | PODS: churn-api-5b5ffb89c8-rvd58   1/1   Running   0     15m;churn-api-5b5ffb89c8-thvdt   1/1   Running   0     15m;
05:41:49 | churn-api   Deployment/churn-api   cpu: 8%/70%   1     3     2     23m | PODS: churn-api-5b5ffb89c8-rvd58   1/1   Running   0     16m;churn-api-5b5ffb89c8-thvdt   1/1   Running   0     16m;
05:42:04 | churn-api   Deployment/churn-api   cpu: 8%/70%   1     3     2     23m | PODS: churn-api-5b5ffb89c8-rvd58   1/1   Running   0     16m;churn-api-5b5ffb89c8-thvdt   1/1   Running   0     16m;
05:42:20 | churn-api   Deployment/churn-api   cpu: 8%/70%   1     3     2     23m | PODS: churn-api-5b5ffb89c8-rvd58   1/1   Running   0     16m;churn-api-5b5ffb89c8-thvdt   1/1   Running   0     16m;
05:42:36 | churn-api   Deployment/churn-api   cpu: 8%/70%   1     3     2     23m | PODS: churn-api-5b5ffb89c8-rvd58   1/1   Running   0     16m;churn-api-5b5ffb89c8-thvdt   1/1   Running   0     16m;
05:42:52 | churn-api   Deployment/churn-api   cpu: 8%/70%   1     3     2     24m | PODS: churn-api-5b5ffb89c8-rvd58   1/1   Running   0     17m;churn-api-5b5ffb89c8-thvdt   1/1   Running   0     17m;
05:43:07 | churn-api   Deployment/churn-api   cpu: 8%/70%   1     3     2     24m | PODS: churn-api-5b5ffb89c8-rvd58   1/1   Running   0     17m;churn-api-5b5ffb89c8-thvdt   1/1   Running   0     17m;
05:43:23 | churn-api   Deployment/churn-api   cpu: 8%/70%   1     3     2     24m | PODS: churn-api-5b5ffb89c8-rvd58   1/1   Running   0     17m;churn-api-5b5ffb89c8-thvdt   1/1   Running   0     17m;
05:43:38 | churn-api   Deployment/churn-api   cpu: 8%/70%   1     3     2     24m | PODS: churn-api-5b5ffb89c8-rvd58   1/1   Running   0     17m;churn-api-5b5ffb89c8-thvdt   1/1   Running   0     17m;
05:43:54 | churn-api   Deployment/churn-api   cpu: 6%/70%   1     3     2     25m | PODS: churn-api-5b5ffb89c8-rvd58   1/1   Running   0     18m;churn-api-5b5ffb89c8-thvdt   1/1   Running   0     18m;
05:44:10 | churn-api   Deployment/churn-api   cpu: 6%/70%   1     3     2     25m | PODS: churn-api-5b5ffb89c8-rvd58   1/1   Running   0     18m;churn-api-5b5ffb89c8-thvdt   1/1   Running   0     18m;
05:44:25 | churn-api   Deployment/churn-api   cpu: 6%/70%   1     3     2     25m | PODS: churn-api-5b5ffb89c8-rvd58   1/1   Running   0     18m;churn-api-5b5ffb89c8-thvdt   1/1   Running   0     18m;
05:44:41 | churn-api   Deployment/churn-api   cpu: 29%/70%   1     3     2     25m | PODS: churn-api-5b5ffb89c8-rvd58   1/1   Terminating   0     18m;churn-api-5b5ffb89c8-thvdt   1/1   Running       0     18m;
05:44:57 | churn-api   Deployment/churn-api   cpu: 29%/70%   1     3     2     26m | PODS: churn-api-5b5ffb89c8-rvd58   1/1   Terminating   0     19m;churn-api-5b5ffb89c8-thvdt   1/1   Running       0     19m;
05:45:13 | churn-api   Deployment/churn-api   cpu: 29%/70%   1     3     2     26m | PODS: churn-api-5b5ffb89c8-thvdt   1/1   Running   0     19m;
05:45:29 | churn-api   Deployment/churn-api   cpu: 29%/70%   1     3     2     26m | PODS: churn-api-5b5ffb89c8-thvdt   1/1   Running   0     19m;
05:45:45 | churn-api   Deployment/churn-api   cpu: 8%/70%   1     3     1     27m | PODS: churn-api-5b5ffb89c8-thvdt   1/1   Running   0     19m;
05:46:01 | churn-api   Deployment/churn-api   cpu: 8%/70%   1     3     1     27m | PODS: churn-api-5b5ffb89c8-thvdt   1/1   Running   0     20m;
05:46:17 | churn-api   Deployment/churn-api   cpu: 8%/70%   1     3     1     27m | PODS: churn-api-5b5ffb89c8-thvdt   1/1   Running   0     20m;
05:46:32 | churn-api   Deployment/churn-api   cpu: 8%/70%   1     3     1     27m | PODS: churn-api-5b5ffb89c8-thvdt   1/1   Running   0     20m;
05:46:48 | churn-api   Deployment/churn-api   cpu: 3%/70%   1     3     1     28m | PODS: churn-api-5b5ffb89c8-thvdt   1/1   Running   0     21m;
05:47:04 | churn-api   Deployment/churn-api   cpu: 3%/70%   1     3     1     28m | PODS: churn-api-5b5ffb89c8-thvdt   1/1   Running   0     21m;
05:47:20 | churn-api   Deployment/churn-api   cpu: 3%/70%   1     3     1     28m | PODS: churn-api-5b5ffb89c8-thvdt   1/1   Running   0     21m;
05:47:36 | churn-api   Deployment/churn-api   cpu: 3%/70%   1     3     1     28m | PODS: churn-api-5b5ffb89c8-thvdt   1/1   Running   0     21m;
05:47:51 | churn-api   Deployment/churn-api   cpu: 3%/70%   1     3     1     29m | PODS: churn-api-5b5ffb89c8-thvdt   1/1   Running   0     22m;
05:48:08 | churn-api   Deployment/churn-api   cpu: 3%/70%   1     3     1     29m | PODS: churn-api-5b5ffb89c8-thvdt   1/1   Running   0     22m;
05:48:24 | churn-api   Deployment/churn-api   cpu: 3%/70%   1     3     1     29m | PODS: churn-api-5b5ffb89c8-thvdt   1/1   Running   0     22m;
05:48:39 | churn-api   Deployment/churn-api   cpu: 3%/70%   1     3     1     29m | PODS: churn-api-5b5ffb89c8-thvdt   1/1   Running   0     22m;
05:48:55 | churn-api   Deployment/churn-api   cpu: 2%/70%   1     3     1     30m | PODS: churn-api-5b5ffb89c8-thvdt   1/1   Running   0     23m;
05:49:10 | churn-api   Deployment/churn-api   cpu: 2%/70%   1     3     1     30m | PODS: churn-api-5b5ffb89c8-thvdt   1/1   Running   0     23m;
05:49:26 | churn-api   Deployment/churn-api   cpu: 2%/70%   1     3     1     30m | PODS: churn-api-5b5ffb89c8-thvdt   1/1   Running   0     23m;
05:49:42 | churn-api   Deployment/churn-api   cpu: 2%/70%   1     3     1     30m | PODS: churn-api-5b5ffb89c8-thvdt   1/1   Running   0     23m;
05:49:58 | churn-api   Deployment/churn-api   cpu: 2%/70%   1     3     1     31m | PODS: churn-api-5b5ffb89c8-thvdt   1/1   Running   0     24m;
05:50:13 | churn-api   Deployment/churn-api   cpu: 2%/70%   1     3     1     31m | PODS: churn-api-5b5ffb89c8-thvdt   1/1   Running   0     24m;
05:50:29 | churn-api   Deployment/churn-api   cpu: 2%/70%   1     3     1     31m | PODS: churn-api-5b5ffb89c8-thvdt   1/1   Running   0     24m;
05:50:45 | churn-api   Deployment/churn-api   cpu: 2%/70%   1     3     1     32m | PODS: churn-api-5b5ffb89c8-thvdt   1/1   Running   0     24m;
05:51:01 | churn-api   Deployment/churn-api   cpu: 2%/70%   1     3     1     32m | PODS: churn-api-5b5ffb89c8-thvdt   1/1   Running   0     25m;
05:51:17 | churn-api   Deployment/churn-api   cpu: 2%/70%   1     3     1     32m | PODS: churn-api-5b5ffb89c8-thvdt   1/1   Running   0     25m;
05:51:32 | churn-api   Deployment/churn-api   cpu: 2%/70%   1     3     1     32m | PODS: churn-api-5b5ffb89c8-thvdt   1/1   Running   0     25m;
05:51:48 | churn-api   Deployment/churn-api   cpu: 4%/70%   1     3     1     33m | PODS: churn-api-5b5ffb89c8-thvdt   1/1   Running   0     26m;
05:52:03 | churn-api   Deployment/churn-api   cpu: 4%/70%   1     3     1     33m | PODS: churn-api-5b5ffb89c8-thvdt   1/1   Running   0     26m;
